ok - backend resolution preserves unreadable configuration errors for every caller
ok - backend resolution preserves environment, project, user, and default precedence
ok - backlog readers and mutations refuse unresolved backends without touching either backlog
ok - captain hold refuses backend errors and preserves relocated addressing for valid configuration
ok - dispatch publishes the record and moves the backlog item In flight in one run
ok - dispatch omits the markdown file when probing a Beads backlog
ok - a leftover markdown symlink does not brick a Beads home's dispatch
ok - completion applies and closes a Beads backlog without any markdown file
ok - dispatch refuses to supersede a pending authoritative close
ok - dispatch refuses held rows before creating resources
ok - dispatch refuses dependency-blocked rows before creating resources
ok - dispatch refuses held In-flight rows before relaunch
ok - dispatch reads backlog rows from the backlog addressing root
ok - recovery uses the parent of a trailing-slash data record
ok - completion targets nested relative data from the caller directory
ok - an immediate-child absolute data path keeps one paired backlog
ok - bare relative data addresses one backlog through dispatch and completion
ok - dispatch refuses symlinked backlogs without crossing homes
ok - automatic homes refuse lifecycle mutation without compatible tasks-axi
ok - dispatch refuses an unresolvable backlog data directory
ok - completion refuses before mutation when backlog data is unresolvable
ok - dispatch refuses, before creating anything, when the home has no item for the id
ok - dispatch distinguishes backlog read failures from missing items
ok - dispatch refuses a closed item instead of silently reopening it
ok - dispatch cannot commit without a verified task-record publication
ok - a failed backlog transition fails the dispatch loudly and leaves no record
ok - dispatch reports when failed-transition rollback cannot remove its record
ok - dispatch verifies both task and busy records during rollback
ok - dispatch commits neither record nor backlog state before launch delivery succeeds
ok - dispatch retries interrupted transitions before honoring termination
ok - a signal-deferred spawn verifies its preserved state and repairs a row that did not move
ok - a signal-deferred spawn reports attempted preservation as attempted when it cannot be verified
ok - a signal-deferred spawn bounds its verification so an unresponsive tasks-axi cannot hold the meta lock forever
ok - fm_tasks_axi bounds the call through its perl watchdog when no timeout binary exists
ok - fm_tasks_axi's perl watchdog passes the child status and output through unchanged
ok - fm_tasks_axi fails closed rather than running unbounded when no bounding mechanism exists
ok - fm_tasks_axi's GNU timeout forces termination (skipped: no timeout binary on this host)
ok - Kimi readiness interruptions fail before backlog commit
ok - dispatch does not resurrect a row closed after preflight
ok - dispatch fails when its backlog row vanishes after preflight
ok - completion closes a local-only ship, with its landing note, before reporting success
ok - completion closes a scout item against its report
ok - completion leaves legacy records open when no incarnation can be recorded
ok - completion refuses ambiguous task incarnations
ok - completion records relocated scout reports relative to the backlog root
ok - space-containing scout report paths round-trip through recovery
ok - control-byte data paths fail closed before paired transitions
ok - unreplayable data paths are refused before destructive cleanup
ok - completion preserves recovery state when task-record removal fails
ok - completion refuses to report success while its item is still open, and records what it owes
ok - restart recovers closes recorded before destructive cleanup
ok - completion refuses directory-symlink close targets
ok - completion reports failure until its durable close marker is removed
ok - session start retries a close whose marker could not be removed
ok - session start reports owned backlog rows it cannot read
ok - Orca cleanup recovery is excluded from backlog lifecycle transitions
ok - session start marks an item In flight when this home already owns a worker for it
ok - session start rejects internal worker-record symlinks
ok - session start rejects symlinked worker records
ok - session start finishes a close an interrupted cleanup recorded but never landed
ok - session start replays a recorded Gerrit close with its change URL as a note
ok - recovery backfills recorded links onto already Done items
ok - session start preserves a pending close across a transient backlog read failure
ok - recovery preserves incomplete-cleanup evidence across a failed replay
ok - session start finishes a close for the matching meta incarnation
ok - recovery preserves closes for ambiguous task incarnations
ok - recovery preserves both records when meta removal fails
ok - recovery preserves closes beside symlinked metadata
ok - recovery binds close-marker identity to its locked filename
ok - recovery rejects close markers targeting another home's data
ok - recovery validates an unterminated final marker field
ok - recovery rejects lexical traversal before resolving marker data
ok - recovery rejects marker control bytes before parsing
ok - recovery rejects malformed PR URL values
tests/fm-backlog-atomicity.test.sh: line 3190: iguous_incarnation_metadata: command not found
warning: re-init: ignored --initial-branch=main
fatal: destination path '/private/var/folders/kn/vzd7b49s3772byj32f5s2g700000gn/T/fm-backlog-atomicity.vvxlya/heal-remove-failure/project.origin.git' already exists and is not an empty directory.
error: remote origin already exists.
fatal: a branch named 'pooled' already exists
tests/lib.sh: line 689: On branch main
nothing to commit, working tree clean
/private/var/folders/kn/vzd7b49s3772byj32f5s2g700000gn/T/fm-backlog-atomicity.vvxlya/heal-remove-failure/home/state/atomic-heal-remove-failure-b12.meta: No such file or directory
tests/lib.sh: line 691: On branch main
nothing to commit, working tree clean
/private/var/folders/kn/vzd7b49s3772byj32f5s2g700000gn/T/fm-backlog-atomicity.vvxlya/heal-remove-failure/home/state/atomic-heal-remove-failure-b12.meta: No such file or directory
tests/lib.sh: line 691: On branch main
nothing to commit, working tree clean
/private/var/folders/kn/vzd7b49s3772byj32f5s2g700000gn/T/fm-backlog-atomicity.vvxlya/heal-remove-failure/home/state/atomic-heal-remove-failure-b12.meta: No such file or directory
tests/lib.sh: line 691: On branch main
nothing to commit, working tree clean
/private/var/folders/kn/vzd7b49s3772byj32f5s2g700000gn/T/fm-backlog-atomicity.vvxlya/heal-remove-failure/home/state/atomic-heal-remove-failure-b12.meta: No such file or directory
tests/lib.sh: line 691: On branch main
nothing to commit, working tree clean
/private/var/folders/kn/vzd7b49s3772byj32f5s2g700000gn/T/fm-backlog-atomicity.vvxlya/heal-remove-failure/home/state/atomic-heal-remove-failure-b12.meta: No such file or directory
tests/lib.sh: line 691: On branch main
nothing to commit, working tree clean
/private/var/folders/kn/vzd7b49s3772byj32f5s2g700000gn/T/fm-backlog-atomicity.vvxlya/heal-remove-failure/home/state/atomic-heal-remove-failure-b12.meta: No such file or directory
tests/lib.sh: line 691: On branch main
nothing to commit, working tree clean
/private/var/folders/kn/vzd7b49s3772byj32f5s2g700000gn/T/fm-backlog-atomicity.vvxlya/heal-remove-failure/home/state/atomic-heal-remove-failure-b12.meta: No such file or directory
tests/lib.sh: line 691: On branch main
nothing to commit, working tree clean
/private/var/folders/kn/vzd7b49s3772byj32f5s2g700000gn/T/fm-backlog-atomicity.vvxlya/heal-remove-failure/home/state/atomic-heal-remove-failure-b12.meta: No such file or directory
tests/lib.sh: line 691: On branch main
nothing to commit, working tree clean
/private/var/folders/kn/vzd7b49s3772byj32f5s2g700000gn/T/fm-backlog-atomicity.vvxlya/heal-remove-failure/home/state/atomic-heal-remove-failure-b12.meta: No such file or directory
tests/lib.sh: line 691: On branch main
nothing to commit, working tree clean
/private/var/folders/kn/vzd7b49s3772byj32f5s2g700000gn/T/fm-backlog-atomicity.vvxlya/heal-remove-failure/home/state/atomic-heal-remove-failure-b12.meta: No such file or directory
tests/fm-backlog-atomicity.test.sh: line 2199: On branch main
nothing to commit, working tree clean
/private/var/folders/kn/vzd7b49s3772byj32f5s2g700000gn/T/fm-backlog-atomicity.vvxlya/heal-remove-failure/home/state/atomic-heal-remove-failure-b12.backlog-close: No such file or directory
tests/fm-backlog-atomicity.test.sh: line 519: On branch main
nothing to commit, working tree clean
/private/var/folders/kn/vzd7b49s3772byj32f5s2g700000gn/T/fm-backlog-atomicity.vvxlya/heal-remove-failure/fakebin/rm: No such file or directory
chmod: On branch main
nothing to commit, working tree clean
/private/var/folders/kn/vzd7b49s3772byj32f5s2g700000gn/T/fm-backlog-atomicity.vvxlya/heal-remove-failure/fakebin/rm: No such file or directory
not ok - session start did not surface the record-removal failure (missing: 'the interrupted task record could not be removed')
--- output ---
MISSING: tmux (install: brew install tmux  # or the platform's package manager)
PRESENTATION_UNAVAILABLE: lavish-axi (requires >=0.1.77; install: npm install -g lavish-axi && lavish-axi setup hooks) - nonvisual work may proceed with plain-text decisions and reports; install or upgrade before using Lavish
MISSING: quota-axi (install: npm install -g quota-axi)
