ok - backend resolution preserves unreadable configuration errors for every caller
ok - backend resolution preserves environment, project, user, and default precedence
ok - backlog readers and mutations refuse unresolved backends without touching either backlog
ok - captain hold refuses backend errors and preserves relocated addressing for valid configuration
ok - dispatch publishes the record and moves the backlog item In flight in one run
ok - dispatch omits the markdown file when probing a Beads backlog
ok - a leftover markdown symlink does not brick a Beads home's dispatch
ok - completion applies and closes a Beads backlog without any markdown file
ok - dispatch refuses to supersede a pending authoritative close
ok - dispatch refuses held rows before creating resources
ok - dispatch refuses dependency-blocked rows before creating resources
ok - dispatch refuses held In-flight rows before relaunch
ok - dispatch reads backlog rows from the backlog addressing root
ok - recovery uses the parent of a trailing-slash data record
ok - completion targets nested relative data from the caller directory
ok - an immediate-child absolute data path keeps one paired backlog
ok - bare relative data addresses one backlog through dispatch and completion
ok - dispatch refuses symlinked backlogs without crossing homes
ok - automatic homes refuse lifecycle mutation without compatible tasks-axi
ok - dispatch refuses an unresolvable backlog data directory
ok - completion refuses before mutation when backlog data is unresolvable
ok - dispatch refuses, before creating anything, when the home has no item for the id
ok - dispatch distinguishes backlog read failures from missing items
ok - dispatch refuses a closed item instead of silently reopening it
ok - dispatch cannot commit without a verified task-record publication
ok - a failed backlog transition fails the dispatch loudly and leaves no record
ok - dispatch reports when failed-transition rollback cannot remove its record
ok - dispatch verifies both task and busy records during rollback
ok - dispatch commits neither record nor backlog state before launch delivery succeeds
ok - dispatch retries interrupted transitions before honoring termination
ok - a signal-deferred spawn verifies its preserved state and repairs a row that did not move
ok - a signal-deferred spawn reports attempted preservation as attempted when it cannot be verified
not ok - the attempted-preservation wording did not name the timeout as its reason (missing: 'did not finish within 3s')
--- output ---
warning: /private/var/folders/kn/vzd7b49s3772byj32f5s2g700000gn/T/fm-backlog-atomicity.bji9kP/dispatch-signal-hang/home/data/atomic-dispatch-signal-hang-b5/launch-brief.md records no ship branch; defaulting to legacy branch fm/atomic-dispatch-signal-hang-b5
error: spawn of atomic-dispatch-signal-hang-b5 was interrupted after launch delivery began; preservation could not be verified: its backlog item reads queued no no, and moving it to In flight failed (/private/var/folders/kn/vzd7b49s3772byj32f5s2g700000gn/T/fm-backlog-atomicity.bji9kP/dispatch-signal-hang/fakebin/tasks-axi: line 11: 94141 Terminated: 15          sleep 300); close out its paired task record and backlog item by hand
